// Vitest Snapshot v1, https://vitest.dev/guide/snapshot.html

exports[`Chat > Snapshot test for wizard step 3 1`] = `null`;
