// Vitest Snapshot v1, https://vitest.dev/guide/snapshot.html

exports[`Chat > Snapshot test for wizard step 4 1`] = `<div />`;
