// Jest Snapshot v1, https://goo.gl/fbAQLP

exports[`Chat Snapshot test for wizard step 4 1`] = `
<Box
  data-testid="review-deployment-component"
  margin={
    Object {
      "bottom": "l",
    }
  }
>
  <SpaceBetween
    size="xxl"
  >
    <SpaceBetween
      className="step-1-review"
      size="xs"
    >
      <Header
        actions={
          <Button
            className="edit-step-btn"
            onClick={[Function]}
          >
            Edit
          </Button>
        }
        headingTagOverride="h2"
        variant="h3"
      >
        Step 1: Use case
      </Header>
      <Container
        header={
          <Header
            headingTagOverride="h3"
            variant="h2"
          >
            Use case options
          </Header>
        }
      >
        <ColumnLayout
          columns={2}
          data-testid="review-use-case-details"
          variant="text-grid"
        >
          <div>
            <Box
              variant="awsui-key-label"
            >
              Use case
            </Box>
            <div>
              Chat
            </div>
          </div>
          <div>
            <Box
              variant="awsui-key-label"
            >
              Use case name
            </Box>
            <div>
              fake-use-case
            </div>
          </div>
          <div>
            <Box
              variant="awsui-key-label"
            >
              Use case email
            </Box>
            <div>
              fake_email@example.com
            </div>
          </div>
          <div>
            <Box
              variant="awsui-key-label"
            >
              Use case description
            </Box>
            <div>
              fake-description
            </div>
          </div>
        </ColumnLayout>
      </Container>
    </SpaceBetween>
    <SpaceBetween
      className="step-3-review"
      size="xs"
    >
      <Header
        actions={
          <Button
            className="edit-step-btn"
            onClick={[Function]}
          >
            Edit
          </Button>
        }
        headingTagOverride="h2"
        variant="h3"
      >
        Step 2: Model
      </Header>
      <SpaceBetween
        size="l"
      >
        <Container
          footer={
            <ExpandableSection
              defaultExpanded={true}
              headerText="Additional settings"
              variant="footer"
            >
              <ColumnLayout
                columns={2}
                variant="text-grid"
              >
                <div>
                  <Box
                    variant="awsui-key-label"
                  >
                    Model temperature
                  </Box>
                  <div>
                    0.1
                  </div>
                </div>
                <div>
                  <Box
                    variant="awsui-key-label"
                  >
                    Verbose
                  </Box>
                  <div>
                    off
                  </div>
                </div>
                <div>
                  <Box
                    variant="awsui-key-label"
                  >
                    Streaming
                  </Box>
                  <div>
                    off
                  </div>
                </div>
                <div>
                  <Box
                    variant="awsui-key-label"
                  >
                    System prompt
                  </Box>
                  <Box
                    data-testid="review-system-prompt"
                    variant="code"
                  >
                    fake-template
                  </Box>
                </div>
              </ColumnLayout>
            </ExpandableSection>
          }
          header={
            <Header
              headingTagOverride="h3"
              variant="h2"
            >
              Model selection
            </Header>
          }
        >
          <ColumnLayout
            columns={2}
            variant="text-grid"
          >
            <div>
              <Box
                variant="awsui-key-label"
              >
                Model provider
              </Box>
              <div>
                Bedrock
              </div>
            </div>
            <div>
              <Box
                variant="awsui-key-label"
              >
                Model name
              </Box>
              <div>
                fake-name
              </div>
            </div>
          </ColumnLayout>
        </Container>
      </SpaceBetween>
    </SpaceBetween>
    <SpaceBetween
      className="step-2-review"
      size="xs"
    >
      <Header
        actions={
          <Button
            className="edit-step-btn"
            onClick={[Function]}
          >
            Edit
          </Button>
        }
        headingTagOverride="h2"
        variant="h3"
      >
        Step 3: Knowledge base
      </Header>
      <SpaceBetween
        size="l"
      >
        <Container
          header={
            <Header
              headingTagOverride="h3"
              variant="h2"
            >
              Retrieval Augmented Generation (RAG)
            </Header>
          }
        >
          <ColumnLayout
            columns={1}
            variant="text-grid"
          >
            <div>
              <Box
                variant="awsui-key-label"
              >
                Do you want to enable Retrieval Augmented Generation (RAG) for this use case?
              </Box>
              <div>
                Yes
              </div>
            </div>
          </ColumnLayout>
        </Container>
        <Container
          footer={
            <Box>
              <ExpandableSection
                headerText="Additional options"
                variant="footer"
              >
                <ColumnLayout
                  columns={2}
                  variant="text-grid"
                >
                  <div>
                    <Box
                      variant="awsui-key-label"
                    >
                      Kendra additional query capacity
                    </Box>
                    <div />
                  </div>
                  <div>
                    <Box
                      variant="awsui-key-label"
                    >
                      Kendra additional storage capacity
                    </Box>
                    <div />
                  </div>
                  <div>
                    <Box
                      variant="awsui-key-label"
                    >
                      Kendra edition
                    </Box>
                    <div>
                      Developer
                    </div>
                  </div>
                </ColumnLayout>
              </ExpandableSection>
            </Box>
          }
          header={
            <Header
              headingTagOverride="h3"
              variant="h2"
            >
              Knowledge base options
            </Header>
          }
        >
          <ColumnLayout
            columns={2}
            variant="text-grid"
          >
            <div>
              <Box
                variant="awsui-key-label"
              >
                Knowledge base type
              </Box>
              <div>
                Kendra
              </div>
            </div>
            <div>
              <Box
                variant="awsui-key-label"
              >
                Do you have an existing Kendra index?
              </Box>
              <div>
                no
              </div>
            </div>
            <div>
              <Box
                variant="awsui-key-label"
              >
                New Kendra index name
              </Box>
              <div>
                fake-index
              </div>
            </div>
          </ColumnLayout>
        </Container>
        <Container
          header={
            <Header
              headingTagOverride="h3"
              variant="h2"
            >
              Advanced RAG configurations
            </Header>
          }
        >
          <ColumnLayout
            columns={2}
            variant="text-grid"
          >
            <div>
              <Box
                variant="awsui-key-label"
              >
                Maximum number of documents
              </Box>
              <div />
            </div>
          </ColumnLayout>
        </Container>
      </SpaceBetween>
    </SpaceBetween>
  </SpaceBetween>
</Box>
`;
