// Vitest Snapshot v1, https://vitest.dev/guide/snapshot.html

exports[`Chat > Snapshot test for Chat 1`] = `
<div
  className="flex-1"
  data-testid="chat-view"
>
  <div
    className="sticky top-0 z-10 flex justify-center bg-neutral-100 py-2"
  >
    <button
      className="awsui_button_vjswe_15u39_105 awsui_variant-icon_vjswe_15u39_199 awsui_button-no-text_vjswe_15u39_1085"
      data-analytics-funnel-value="button:r0:"
      data-testid="settings-button"
      disabled={false}
      onClick={[Function]}
      type="submit"
    >
      <span
        className="awsui_icon_vjswe_15u39_1111 awsui_icon-left_vjswe_15u39_1111 awsui_icon_h11ix_ayzd6_101 awsui_size-normal-mapped-height_h11ix_ayzd6_157 awsui_size-normal_h11ix_ayzd6_153 awsui_variant-normal_h11ix_ayzd6_229"
        style={{}}
      >
        <svg
          aria-hidden="true"
          focusable="false"
          viewBox="0 0 16 16"
          xmlns="http://www.w3.org/2000/svg"
        >
          <path
            d="M13.33 5.792a1.942 1.942 0 0 1 .287-1.97 6.984 6.984 0 0 0-1.44-1.439 1.943 1.943 0 0 1-3.159-1.308 6.965 6.965 0 0 0-2.037 0 1.943 1.943 0 0 1-3.158 1.308 6.962 6.962 0 0 0-1.44 1.44 1.943 1.943 0 0 1-1.308 3.158 6.972 6.972 0 0 0 0 2.037 1.943 1.943 0 0 1 1.308 3.159 6.952 6.952 0 0 0 1.44 1.44 1.942 1.942 0 0 1 3.159 1.308 6.962 6.962 0 0 0 2.036 0 1.942 1.942 0 0 1 3.159-1.308 6.974 6.974 0 0 0 1.44-1.44 1.943 1.943 0 0 1 1.308-3.159 6.974 6.974 0 0 0 0-2.037 1.942 1.942 0 0 1-1.596-1.189Z"
          />
          <circle
            cx="8"
            cy="8"
            r="2"
          />
        </svg>
      </span>
    </button>
    <button
      className="awsui_button_vjswe_15u39_105 awsui_variant-icon_vjswe_15u39_199 awsui_button-no-text_vjswe_15u39_1085"
      data-analytics-funnel-value="button:r2:"
      data-testid="clear-convo-button"
      disabled={false}
      onClick={[Function]}
      type="submit"
    >
      <span
        className="awsui_icon_vjswe_15u39_1111 awsui_icon-left_vjswe_15u39_1111 awsui_icon_h11ix_ayzd6_101 awsui_size-normal-mapped-height_h11ix_ayzd6_157 awsui_size-normal_h11ix_ayzd6_153 awsui_variant-normal_h11ix_ayzd6_229"
        style={{}}
      >
        <svg
          aria-hidden="true"
          focusable="false"
          viewBox="0 0 16 16"
          xmlns="http://www.w3.org/2000/svg"
        >
          <path
            d="M10 5h5V0"
          />
          <path
            d="M15 8a6.957 6.957 0 0 1-7 7 6.957 6.957 0 0 1-7-7 6.957 6.957 0 0 1 7-7 6.87 6.87 0 0 1 6.3 4"
          />
        </svg>
      </span>
    </button>
  </div>
  <div
    className="mx-auto sm:max-w-[600px] p-4"
  >
    <div
      data-testid="prompt-template"
    >
      <label>
        Prompt template (optional)
      </label>
      <div
        className="awsui_root_18582_jftqg_97 awsui_vertical_18582_jftqg_144 awsui_vertical-xxs_18582_jftqg_150"
      >
        <div
          className="awsui_child_18582_jftqg_101"
        >
          <span
            className="awsui_root_qk1j1_1x14a_97"
            data-testid="prompt-template-textarea"
          >
            <textarea
              autoComplete="on"
              className="awsui_textarea_qk1j1_1x14a_101"
              disabled={false}
              onChange={[Function]}
              placeholder=""
              rows={10}
              value=""
            />
          </span>
        </div>
        <div
          className="awsui_child_18582_jftqg_101"
        >
          <div
            className="awsui_root_18582_jftqg_97 awsui_horizontal_18582_jftqg_112 awsui_horizontal-xxs_18582_jftqg_119"
          >
            <div
              className="awsui_child_18582_jftqg_101"
            >
              <button
                className="awsui_button_vjswe_15u39_105 awsui_variant-primary_vjswe_15u39_248"
                data-analytics-funnel-value="button:r4:"
                data-testid="save-prompt-button"
                disabled={false}
                onClick={[Function]}
                type="submit"
              >
                <span
                  className="awsui_content_vjswe_15u39_101 awsui_label_1f1d4_ocied_5"
                >
                  Save
                </span>
              </button>
            </div>
            <div
              className="awsui_child_18582_jftqg_101"
            >
              <button
                className="awsui_button_vjswe_15u39_105 awsui_variant-normal_vjswe_15u39_156"
                data-analytics-funnel-value="button:r6:"
                data-testid="reset-to-default-prompt button"
                disabled={false}
                onClick={[Function]}
                type="submit"
              >
                <span
                  className="awsui_content_vjswe_15u39_101 awsui_label_1f1d4_ocied_5"
                >
                  Reset to default
                </span>
              </button>
            </div>
            <div
              className="awsui_child_18582_jftqg_101"
            >
              <button
                className="awsui_button_vjswe_15u39_105 awsui_variant-normal_vjswe_15u39_156"
                data-analytics-funnel-value="button:r8:"
                disabled={false}
                onClick={[Function]}
                type="submit"
              >
                <span
                  className="awsui_content_vjswe_15u39_101 awsui_label_1f1d4_ocied_5"
                >
                  Cancel
                </span>
              </button>
            </div>
          </div>
        </div>
        <div
          className="awsui_child_18582_jftqg_101"
        >
          <div />
        </div>
      </div>
    </div>
  </div>
  <div
    className="chat-input"
  >
    <div
      className="awsui_root_14iqq_1vekq_101 awsui_variant-default_14iqq_1vekq_145 awsui_refresh_14iqq_1vekq_153"
    >
      <div
        className="awsui_content-wrapper_14iqq_1vekq_220"
        id=":rb:"
      >
        <div
          className="awsui_content_14iqq_1vekq_220 awsui_with-paddings_14iqq_1vekq_304"
        >
          <span
            className="awsui_root_1cbgc_pjowk_151 awsui_status-stopped_1cbgc_pjowk_172"
          >
            <span
              className="awsui_container_1cbgc_pjowk_129 awsui_display-inline-block_1cbgc_pjowk_208"
            >
              <span
                className="awsui_icon_1cbgc_pjowk_101"
              >
                <span
                  className="awsui_icon_h11ix_ayzd6_101 awsui_size-normal-mapped-height_h11ix_ayzd6_157 awsui_size-normal_h11ix_ayzd6_153 awsui_variant-normal_h11ix_ayzd6_229"
                  style={{}}
                >
                  <svg
                    aria-hidden="true"
                    focusable="false"
                    viewBox="0 0 16 16"
                    xmlns="http://www.w3.org/2000/svg"
                  >
                    <circle
                      className="stroke-linejoin-round"
                      cx="8"
                      cy="8"
                      r="7"
                    />
                    <path
                      className="stroke-linecap-square"
                      d="M11 8H5"
                    />
                  </svg>
                </span>
              </span>
               
              Disconnected. Please send a message to initiate reconnection.
               
            </span>
          </span>
           
          <div
            className="chatinput-textarea"
          >
            <div
              data-testid="chat-input-textarea-div"
              style={
                {
                  "display": "inline-block",
                  "width": "92%",
                }
              }
            >
              <span
                className="awsui_root_qk1j1_1x14a_97"
                data-class-name="chat-input-textarea"
                data-columns="3"
                data-testid="chat-input-textarea"
              >
                <textarea
                  autoComplete="on"
                  autoFocus={true}
                  className="awsui_textarea_qk1j1_1x14a_101"
                  onChange={[Function]}
                  onKeyDown={[Function]}
                  placeholder="Type a message..."
                  rows={1}
                  value=""
                />
              </span>
            </div>
            <div
              style={
                {
                  "display": "inline-block",
                  "float": "right",
                }
              }
            >
              <button
                className="awsui_button_vjswe_15u39_105 awsui_variant-icon_vjswe_15u39_199 awsui_button-no-text_vjswe_15u39_1085"
                data-analytics-funnel-value="button:rc:"
                data-testid="send-button"
                disabled={false}
                onClick={[Function]}
                type="submit"
              >
                <span
                  className="awsui_icon_vjswe_15u39_1111 awsui_icon-left_vjswe_15u39_1111 awsui_icon_h11ix_ayzd6_101 awsui_size-normal-mapped-height_h11ix_ayzd6_157 awsui_size-normal_h11ix_ayzd6_153 awsui_variant-normal_h11ix_ayzd6_229"
                  style={{}}
                >
                  <svg
                    aria-hidden="true"
                    focusable="false"
                    viewBox="0 0 16 16"
                    xmlns="http://www.w3.org/2000/svg"
                  >
                    <path
                      d="m14.254 4.254-8.25 8.25L6 12.5l-.004.004-4.25-4.25.008-.008L6 12.493l8.246-8.247.008.008Z"
                    />
                  </svg>
                </span>
              </button>
            </div>
          </div>
        </div>
      </div>
    </div>
  </div>
</div>
`;
