// Vitest Snapshot v1, https://vitest.dev/guide/snapshot.html

exports[`Snapshot test 1`] = `
<div
  style={
    {
      "display": "flex",
      "justifyContent": "center",
      "padding": "20px",
    }
  }
/>
`;
