// Vitest Snapshot v1, https://vitest.dev/guide/snapshot.html

exports[`Snapshot test for Dashboard 1`] = `<div />`;
